<*GCC-Win32-Linker-generated-mapfile*>
Archive member included to satisfy reference by file (symbol)

C:/dev/PP2031~2/ApplCSH/SW/Models/MERGED~1/VEOS_O~2/VEOS_B~1/RACECO~1/GeneratedCode/LibraryFiles/ModelInit/ModelInit_HostPCLinux64_GCC_Release.a(ModelInit.obj)
                              .\BinaryArtifacts\RaceControl\HostPCLinux64_GCC\VEOS_Impl.o (VEOS_MdlInitApiImpl_CheckModel)
C:/dev/PP2031~2/ApplCSH/SW/Models/MERGED~1/VEOS_O~2/VEOS_B~1/RACECO~1/GeneratedCode/LibraryFiles/ModelInit/ModelInit_HostPCLinux64_GCC_Release.a(VEOS_FrmRef.obj)
                              .\BinaryArtifacts\RaceControl\HostPCLinux64_GCC\FmiAppFrm_generated.o (gp_VEOS_PortApi_WriteVectorPortFloat32)
C:/dev/PP2031~2/ApplCSH/SW/Models/MERGED~1/VEOS_O~2/VEOS_B~1/RACECO~1/GeneratedCode/LibraryFiles/ModelInit/NoEcuIoCore_HostPCLinux64_GCC_Release.a(NoEcuInit.obj)
                              C:/dev/PP2031~2/ApplCSH/SW/Models/MERGED~1/VEOS_O~2/VEOS_B~1/RACECO~1/GeneratedCode/LibraryFiles/ModelInit/ModelInit_HostPCLinux64_GCC_Release.a(ModelInit.obj) (VEOS_ModelInit_EcuCoreInit)
C:/dev/PP2031~2/ApplCSH/SW/Models/MERGED~1/VEOS_O~2/VEOS_B~1/RACECO~1/GeneratedCode/LibraryFiles/ModelInit/NoCanIoCore_HostPCLinux64_GCC_Release.a(NoCanInit.obj)
                              C:/dev/PP2031~2/ApplCSH/SW/Models/MERGED~1/VEOS_O~2/VEOS_B~1/RACECO~1/GeneratedCode/LibraryFiles/ModelInit/ModelInit_HostPCLinux64_GCC_Release.a(ModelInit.obj) (VEOS_ModelInit_CanCoreInit)
C:/dev/PP2031~2/ApplCSH/SW/Models/MERGED~1/VEOS_O~2/VEOS_B~1/RACECO~1/GeneratedCode/LibraryFiles/ModelInit/NoLinIoCore_HostPCLinux64_GCC_Release.a(NoLinInit.obj)
                              C:/dev/PP2031~2/ApplCSH/SW/Models/MERGED~1/VEOS_O~2/VEOS_B~1/RACECO~1/GeneratedCode/LibraryFiles/ModelInit/ModelInit_HostPCLinux64_GCC_Release.a(ModelInit.obj) (VEOS_ModelInit_LinCoreInit)
C:/dev/PP2031~2/ApplCSH/SW/Models/MERGED~1/VEOS_O~2/VEOS_B~1/RACECO~1/GeneratedCode/LibraryFiles/ModelInit/NoEthIoCore_HostPCLinux64_GCC_Release.a(NoEthInit.obj)
                              C:/dev/PP2031~2/ApplCSH/SW/Models/MERGED~1/VEOS_O~2/VEOS_B~1/RACECO~1/GeneratedCode/LibraryFiles/ModelInit/ModelInit_HostPCLinux64_GCC_Release.a(ModelInit.obj) (VEOS_ModelInit_EthCoreInit)

Discarded input sections

 .note.GNU-stack
                0x0000000000000000        0x0 c:/progra~1/ds27a4~1/build/compiler/gcc/5ace3~1.5_l/target/x86_64~1/bin/../lib/crti.o
 .note.GNU-stack
                0x0000000000000000        0x0 c:/progra~1/ds27a4~1/build/compiler/gcc/5ace3~1.5_l/target/x86_64~1/bin/../lib/gcc/x86_64-linux-gnu/5.5.0/crtbeginS.o
 .note.GNU-stack
                0x0000000000000000        0x0 .\BinaryArtifacts\RaceControl\HostPCLinux64_GCC\SmartServices_Cfg_generated.o
 .note.GNU-stack
                0x0000000000000000        0x0 .\BinaryArtifacts\RaceControl\HostPCLinux64_GCC\SmartServices.o
 .note.GNU-stack
                0x0000000000000000        0x0 .\BinaryArtifacts\RaceControl\HostPCLinux64_GCC\FmiAppFrm_generated.o
 .note.GNU-stack
                0x0000000000000000        0x0 .\BinaryArtifacts\RaceControl\HostPCLinux64_GCC\Fmi3CsAppFrm.o
 .note.GNU-stack
                0x0000000000000000        0x0 .\BinaryArtifacts\RaceControl\HostPCLinux64_GCC\FmiAppFrm_Linux.o
 .note.GNU-stack
                0x0000000000000000        0x0 .\BinaryArtifacts\RaceControl\HostPCLinux64_GCC\VEOS_Api.o
 .note.GNU-stack
                0x0000000000000000        0x0 .\BinaryArtifacts\RaceControl\HostPCLinux64_GCC\VEOS_BusApi.o
 .note.GNU-stack
                0x0000000000000000        0x0 .\BinaryArtifacts\RaceControl\HostPCLinux64_GCC\VEOS_ExpApi.o
 .note.GNU-stack
                0x0000000000000000        0x0 .\BinaryArtifacts\RaceControl\HostPCLinux64_GCC\VEOS_SimApi.o
 .note.GNU-stack
                0x0000000000000000        0x0 .\BinaryArtifacts\RaceControl\HostPCLinux64_GCC\VEOS_NotiApi.o
 .note.GNU-stack
                0x0000000000000000        0x0 .\BinaryArtifacts\RaceControl\HostPCLinux64_GCC\VEOS_MsgApi.o
 .note.GNU-stack
                0x0000000000000000        0x0 .\BinaryArtifacts\RaceControl\HostPCLinux64_GCC\VEOS_PortApi.o
 .note.GNU-stack
                0x0000000000000000        0x0 .\BinaryArtifacts\RaceControl\HostPCLinux64_GCC\VEOS_OsTskApi.o
 .note.GNU-stack
                0x0000000000000000        0x0 .\BinaryArtifacts\RaceControl\HostPCLinux64_GCC\VEOS_Interaction.o
 .note.GNU-stack
                0x0000000000000000        0x0 .\BinaryArtifacts\RaceControl\HostPCLinux64_GCC\VEOS.o
 .note.GNU-stack
                0x0000000000000000        0x0 .\BinaryArtifacts\RaceControl\HostPCLinux64_GCC\VEOS_Impl.o
 .note.GNU-stack
                0x0000000000000000        0x0 .\BinaryArtifacts\RaceControl\HostPCLinux64_GCC\DsMsgApi.o
 .note.GNU-stack
                0x0000000000000000        0x0 .\BinaryArtifacts\RaceControl\HostPCLinux64_GCC\UriCommon.o
 .note.GNU-stack
                0x0000000000000000        0x0 .\BinaryArtifacts\RaceControl\HostPCLinux64_GCC\UriEscape.o
 .note.GNU-stack
                0x0000000000000000        0x0 .\BinaryArtifacts\RaceControl\HostPCLinux64_GCC\UriFile.o
 .note.GNU-stack
                0x0000000000000000        0x0 C:/dev/PP2031~2/ApplCSH/SW/Models/MERGED~1/VEOS_O~2/VEOS_B~1/RACECO~1/GeneratedCode/LibraryFiles/ModelInit/ModelInit_HostPCLinux64_GCC_Release.a(ModelInit.obj)
 .note.GNU-stack
                0x0000000000000000        0x0 C:/dev/PP2031~2/ApplCSH/SW/Models/MERGED~1/VEOS_O~2/VEOS_B~1/RACECO~1/GeneratedCode/LibraryFiles/ModelInit/ModelInit_HostPCLinux64_GCC_Release.a(VEOS_FrmRef.obj)
 .note.GNU-stack
                0x0000000000000000        0x0 C:/dev/PP2031~2/ApplCSH/SW/Models/MERGED~1/VEOS_O~2/VEOS_B~1/RACECO~1/GeneratedCode/LibraryFiles/ModelInit/NoEcuIoCore_HostPCLinux64_GCC_Release.a(NoEcuInit.obj)
 .note.GNU-stack
                0x0000000000000000        0x0 C:/dev/PP2031~2/ApplCSH/SW/Models/MERGED~1/VEOS_O~2/VEOS_B~1/RACECO~1/GeneratedCode/LibraryFiles/ModelInit/NoCanIoCore_HostPCLinux64_GCC_Release.a(NoCanInit.obj)
 .note.GNU-stack
                0x0000000000000000        0x0 C:/dev/PP2031~2/ApplCSH/SW/Models/MERGED~1/VEOS_O~2/VEOS_B~1/RACECO~1/GeneratedCode/LibraryFiles/ModelInit/NoLinIoCore_HostPCLinux64_GCC_Release.a(NoLinInit.obj)
 .note.GNU-stack
                0x0000000000000000        0x0 C:/dev/PP2031~2/ApplCSH/SW/Models/MERGED~1/VEOS_O~2/VEOS_B~1/RACECO~1/GeneratedCode/LibraryFiles/ModelInit/NoEthIoCore_HostPCLinux64_GCC_Release.a(NoEthInit.obj)
 .note.GNU-stack
                0x0000000000000000        0x0 c:/progra~1/ds27a4~1/build/compiler/gcc/5ace3~1.5_l/target/x86_64~1/bin/../lib/gcc/x86_64-linux-gnu/5.5.0/crtendS.o
 .note.GNU-stack
                0x0000000000000000        0x0 c:/progra~1/ds27a4~1/build/compiler/gcc/5ace3~1.5_l/target/x86_64~1/bin/../lib/crtn.o

Memory Configuration

Name             Origin             Length             Attributes
*default*        0x0000000000000000 0xffffffffffffffff

Linker script and memory map

LOAD c:/progra~1/ds27a4~1/build/compiler/gcc/5ace3~1.5_l/target/x86_64~1/bin/../lib/crti.o
LOAD c:/progra~1/ds27a4~1/build/compiler/gcc/5ace3~1.5_l/target/x86_64~1/bin/../lib/gcc/x86_64-linux-gnu/5.5.0/crtbeginS.o
LOAD c:/progra~1/ds27a4~1/build/compiler/gcc/5ace3~1.5_l/target/x86_64~1/bin/../lib/libdl.so
START GROUP
LOAD .\BinaryArtifacts\RaceControl\HostPCLinux64_GCC\SmartServices_Cfg_generated.o
LOAD .\BinaryArtifacts\RaceControl\HostPCLinux64_GCC\SmartServices.o
LOAD .\BinaryArtifacts\RaceControl\HostPCLinux64_GCC\FmiAppFrm_generated.o
LOAD .\BinaryArtifacts\RaceControl\HostPCLinux64_GCC\Fmi3CsAppFrm.o
LOAD .\BinaryArtifacts\RaceControl\HostPCLinux64_GCC\FmiAppFrm_Linux.o
LOAD .\BinaryArtifacts\RaceControl\HostPCLinux64_GCC\VEOS_Api.o
LOAD .\BinaryArtifacts\RaceControl\HostPCLinux64_GCC\VEOS_BusApi.o
LOAD .\BinaryArtifacts\RaceControl\HostPCLinux64_GCC\VEOS_ExpApi.o
LOAD .\BinaryArtifacts\RaceControl\HostPCLinux64_GCC\VEOS_SimApi.o
LOAD .\BinaryArtifacts\RaceControl\HostPCLinux64_GCC\VEOS_NotiApi.o
LOAD .\BinaryArtifacts\RaceControl\HostPCLinux64_GCC\VEOS_MsgApi.o
LOAD .\BinaryArtifacts\RaceControl\HostPCLinux64_GCC\VEOS_PortApi.o
LOAD .\BinaryArtifacts\RaceControl\HostPCLinux64_GCC\VEOS_OsTskApi.o
LOAD .\BinaryArtifacts\RaceControl\HostPCLinux64_GCC\VEOS_Interaction.o
LOAD .\BinaryArtifacts\RaceControl\HostPCLinux64_GCC\VEOS.o
LOAD .\BinaryArtifacts\RaceControl\HostPCLinux64_GCC\VEOS_Impl.o
LOAD .\BinaryArtifacts\RaceControl\HostPCLinux64_GCC\DsMsgApi.o
LOAD .\BinaryArtifacts\RaceControl\HostPCLinux64_GCC\UriCommon.o
LOAD .\BinaryArtifacts\RaceControl\HostPCLinux64_GCC\UriEscape.o
LOAD .\BinaryArtifacts\RaceControl\HostPCLinux64_GCC\UriFile.o
LOAD C:/dev/PP2031~2/ApplCSH/SW/Models/MERGED~1/VEOS_O~2/VEOS_B~1/RACECO~1/GeneratedCode/LibraryFiles/ModelInit/ModelInit_HostPCLinux64_GCC_Release.a
LOAD C:/dev/PP2031~2/ApplCSH/SW/Models/MERGED~1/VEOS_O~2/VEOS_B~1/RACECO~1/GeneratedCode/LibraryFiles/ModelInit/NoEcuIoCore_HostPCLinux64_GCC_Release.a
LOAD C:/dev/PP2031~2/ApplCSH/SW/Models/MERGED~1/VEOS_O~2/VEOS_B~1/RACECO~1/GeneratedCode/LibraryFiles/ModelInit/NoCanIoCore_HostPCLinux64_GCC_Release.a
LOAD C:/dev/PP2031~2/ApplCSH/SW/Models/MERGED~1/VEOS_O~2/VEOS_B~1/RACECO~1/GeneratedCode/LibraryFiles/ModelInit/NoLinIoCore_HostPCLinux64_GCC_Release.a
LOAD C:/dev/PP2031~2/ApplCSH/SW/Models/MERGED~1/VEOS_O~2/VEOS_B~1/RACECO~1/GeneratedCode/LibraryFiles/ModelInit/NoEthIoCore_HostPCLinux64_GCC_Release.a
LOAD C:/dev/PP2031~2/ApplCSH/SW/Models/MERGED~1/VEOS_O~2/VEOS_B~1/RACECO~1/GeneratedCode/LibraryFiles/DsFxp/DSFxp_GCC.a
LOAD C:/dev/PP2031~2/ApplCSH/SW/Models/MERGED~1/VEOS_O~2/VEOS_B~1/RACECO~1/GeneratedCode/LibraryFiles/ModelInit/ModelInit_HostPCLinux64_GCC_Release.a
LOAD C:/dev/PP2031~2/ApplCSH/SW/Models/MERGED~1/VEOS_O~2/VEOS_B~1/RACECO~1/GeneratedCode/LibraryFiles/ModelInit/NoEcuIoCore_HostPCLinux64_GCC_Release.a
LOAD C:/dev/PP2031~2/ApplCSH/SW/Models/MERGED~1/VEOS_O~2/VEOS_B~1/RACECO~1/GeneratedCode/LibraryFiles/ModelInit/NoCanIoCore_HostPCLinux64_GCC_Release.a
LOAD C:/dev/PP2031~2/ApplCSH/SW/Models/MERGED~1/VEOS_O~2/VEOS_B~1/RACECO~1/GeneratedCode/LibraryFiles/ModelInit/NoLinIoCore_HostPCLinux64_GCC_Release.a
LOAD C:/dev/PP2031~2/ApplCSH/SW/Models/MERGED~1/VEOS_O~2/VEOS_B~1/RACECO~1/GeneratedCode/LibraryFiles/ModelInit/NoEthIoCore_HostPCLinux64_GCC_Release.a
LOAD C:/dev/PP2031~2/ApplCSH/SW/Models/MERGED~1/VEOS_O~2/VEOS_B~1/RACECO~1/GeneratedCode/LibraryFiles/DsFxp/DSFxp_GCC.a
END GROUP
LOAD c:/progra~1/ds27a4~1/build/compiler/gcc/5ace3~1.5_l/target/x86_64~1/bin/../lib/gcc/x86_64-linux-gnu/5.5.0/../../../../x86_64-linux-gnu/lib/../lib64\libstdc++.a
LOAD c:/progra~1/ds27a4~1/build/compiler/gcc/5ace3~1.5_l/target/x86_64~1/bin/../lib/libm.so
START GROUP
LOAD c:/progra~1/ds27a4~1/build/compiler/gcc/5ace3~1.5_l/target/x86_64~1/bin/../lib\libm.so.6
LOAD c:/progra~1/ds27a4~1/build/compiler/gcc/5ace3~1.5_l/target/x86_64~1/bin/../lib\libmvec.so.1
END GROUP
LOAD c:/progra~1/ds27a4~1/build/compiler/gcc/5ace3~1.5_l/target/x86_64~1/bin/../lib/gcc/x86_64-linux-gnu/5.5.0\libgcc.a
LOAD c:/progra~1/ds27a4~1/build/compiler/gcc/5ace3~1.5_l/target/x86_64~1/bin/../lib/gcc/x86_64-linux-gnu/5.5.0\libgcc_eh.a
LOAD c:/progra~1/ds27a4~1/build/compiler/gcc/5ace3~1.5_l/target/x86_64~1/bin/../lib/libc.so
START GROUP
LOAD c:/progra~1/ds27a4~1/build/compiler/gcc/5ace3~1.5_l/target/x86_64~1/bin/../lib\libc.so.6
LOAD c:/progra~1/ds27a4~1/build/compiler/gcc/5ace3~1.5_l/target/x86_64~1/bin/../lib\libc_nonshared.a
LOAD c:/progra~1/ds27a4~1/build/compiler/gcc/5ace3~1.5_l/target/x86_64~1/bin/../lib\ld-linux-x86-64.so.2
END GROUP
LOAD c:/progra~1/ds27a4~1/build/compiler/gcc/5ace3~1.5_l/target/x86_64~1/bin/../lib/gcc/x86_64-linux-gnu/5.5.0\libgcc.a
LOAD c:/progra~1/ds27a4~1/build/compiler/gcc/5ace3~1.5_l/target/x86_64~1/bin/../lib/gcc/x86_64-linux-gnu/5.5.0\libgcc_eh.a
LOAD c:/progra~1/ds27a4~1/build/compiler/gcc/5ace3~1.5_l/target/x86_64~1/bin/../lib/gcc/x86_64-linux-gnu/5.5.0/crtendS.o
LOAD c:/progra~1/ds27a4~1/build/compiler/gcc/5ace3~1.5_l/target/x86_64~1/bin/../lib/crtn.o
                0x0000000000000190                . = (0x0 + SIZEOF_HEADERS)

.note.gnu.build-id
                0x0000000000000190       0x24
 *(.note.gnu.build-id)
 .note.gnu.build-id
                0x0000000000000190       0x24 c:/progra~1/ds27a4~1/build/compiler/gcc/5ace3~1.5_l/target/x86_64~1/bin/../lib/crti.o

.hash           0x00000000000001b8      0x44c
 *(.hash)
 .hash          0x00000000000001b8      0x44c c:/progra~1/ds27a4~1/build/compiler/gcc/5ace3~1.5_l/target/x86_64~1/bin/../lib/crti.o

.gnu.hash
 *(.gnu.hash)

.dynsym         0x0000000000000608      0xd50
 *(.dynsym)
 .dynsym        0x0000000000000608      0xd50 c:/progra~1/ds27a4~1/build/compiler/gcc/5ace3~1.5_l/target/x86_64~1/bin/../lib/crti.o

.dynstr         0x0000000000001358     0x1192
 *(.dynstr)
 .dynstr        0x0000000000001358     0x1192 c:/progra~1/ds27a4~1/build/compiler/gcc/5ace3~1.5_l/target/x86_64~1/bin/../lib/crti.o

.gnu.version    0x00000000000024ea      0x11c
 *(.gnu.version)
 .gnu.version   0x00000000000024ea      0x11c c:/progra~1/ds27a4~1/build/compiler/gcc/5ace3~1.5_l/target/x86_64~1/bin/../lib/crti.o

.gnu.version_d  0x0000000000002608        0x0
 *(.gnu.version_d)
 .gnu.version_d
                0x0000000000002608        0x0 c:/progra~1/ds27a4~1/build/compiler/gcc/5ace3~1.5_l/target/x86_64~1/bin/../lib/crti.o

.gnu.version_r  0x0000000000002608       0x60
 *(.gnu.version_r)
 .gnu.version_r
                0x0000000000002608       0x60 c:/progra~1/ds27a4~1/build/compiler/gcc/5ace3~1.5_l/target/x86_64~1/bin/../lib/crti.o

.rela.dyn       0x0000000000002668      0x5a0
 *(.rela.init)
 *(.rela.text .rela.text.* .rela.gnu.linkonce.t.*)
 .rela.text     0x0000000000002668        0x0 c:/progra~1/ds27a4~1/build/compiler/gcc/5ace3~1.5_l/target/x86_64~1/bin/../lib/crti.o
 *(.rela.fini)
 *(.rela.rodata .rela.rodata.* .rela.gnu.linkonce.r.*)
 *(.rela.data .rela.data.* .rela.gnu.linkonce.d.*)
 .rela.data.rel.local
                0x0000000000002668       0x78 c:/progra~1/ds27a4~1/build/compiler/gcc/5ace3~1.5_l/target/x86_64~1/bin/../lib/crti.o
 .rela.data.rel.ro.local
                0x00000000000026e0      0x108 c:/progra~1/ds27a4~1/build/compiler/gcc/5ace3~1.5_l/target/x86_64~1/bin/../lib/crti.o
 .rela.data.rel.ro
                0x00000000000027e8      0x2b8 c:/progra~1/ds27a4~1/build/compiler/gcc/5ace3~1.5_l/target/x86_64~1/bin/../lib/crti.o
 *(.rela.tdata .rela.tdata.* .rela.gnu.linkonce.td.*)
 *(.rela.tbss .rela.tbss.* .rela.gnu.linkonce.tb.*)
 *(.rela.ctors)
 *(.rela.dtors)
 *(.rela.got)
 .rela.got      0x0000000000002aa0      0x168 c:/progra~1/ds27a4~1/build/compiler/gcc/5ace3~1.5_l/target/x86_64~1/bin/../lib/crti.o
 *(.rela.bss .rela.bss.* .rela.gnu.linkonce.b.*)
 *(.rela.ldata .rela.ldata.* .rela.gnu.linkonce.l.*)
 *(.rela.lbss .rela.lbss.* .rela.gnu.linkonce.lb.*)
 *(.rela.lrodata .rela.lrodata.* .rela.gnu.linkonce.lr.*)
 *(.rela.ifunc)
 .rela.ifunc    0x0000000000002c08        0x0 c:/progra~1/ds27a4~1/build/compiler/gcc/5ace3~1.5_l/target/x86_64~1/bin/../lib/crti.o

.rela.plt       0x0000000000002c08       0xf0
 *(.rela.plt)
 .rela.plt      0x0000000000002c08       0xf0 c:/progra~1/ds27a4~1/build/compiler/gcc/5ace3~1.5_l/target/x86_64~1/bin/../lib/crti.o
 *(.rela.iplt)

.init           0x0000000000002cf8       0x24
 *(SORT(.init))
 .init          0x0000000000002cf8       0x15 c:/progra~1/ds27a4~1/build/compiler/gcc/5ace3~1.5_l/target/x86_64~1/bin/../lib/crti.o
                0x0000000000002cf8                _init
 .init          0x0000000000002d0d        0x5 c:/progra~1/ds27a4~1/build/compiler/gcc/5ace3~1.5_l/target/x86_64~1/bin/../lib/gcc/x86_64-linux-gnu/5.5.0/crtbeginS.o
 .init          0x0000000000002d12        0x5 c:/progra~1/ds27a4~1/build/compiler/gcc/5ace3~1.5_l/target/x86_64~1/bin/../lib/gcc/x86_64-linux-gnu/5.5.0/crtendS.o
 .init          0x0000000000002d17        0x5 c:/progra~1/ds27a4~1/build/compiler/gcc/5ace3~1.5_l/target/x86_64~1/bin/../lib/crtn.o

.plt            0x0000000000002d20       0xb0
 *(.plt)
 .plt           0x0000000000002d20       0xb0 c:/progra~1/ds27a4~1/build/compiler/gcc/5ace3~1.5_l/target/x86_64~1/bin/../lib/crti.o
 *(.iplt)

.plt.got        0x0000000000002dd0       0x10
 *(.plt.got)
 .plt.got       0x0000000000002dd0       0x10 c:/progra~1/ds27a4~1/build/compiler/gcc/5ace3~1.5_l/target/x86_64~1/bin/../lib/crti.o

.plt.bnd
 *(.plt.bnd)

.text           0x0000000000002de0     0x50d7
 *(.text.unlikely .text.*_unlikely .text.unlikely.*)
 .text.unlikely
                0x0000000000002de0        0x0 c:/progra~1/ds27a4~1/build/compiler/gcc/5ace3~1.5_l/target/x86_64~1/bin/../lib/gcc/x86_64-linux-gnu/5.5.0/crtbeginS.o
 .text.unlikely
                0x0000000000002de0        0x0 .\BinaryArtifacts\RaceControl\HostPCLinux64_GCC\SmartServices.o
 .text.unlikely
                0x0000000000002de0        0x0 .\BinaryArtifacts\RaceControl\HostPCLinux64_GCC\FmiAppFrm_generated.o
 .text.unlikely
                0x0000000000002de0        0x0 .\BinaryArtifacts\RaceControl\HostPCLinux64_GCC\Fmi3CsAppFrm.o
 .text.unlikely
                0x0000000000002de0        0x0 .\BinaryArtifacts\RaceControl\HostPCLinux64_GCC\FmiAppFrm_Linux.o
 .text.unlikely
                0x0000000000002de0        0x0 .\BinaryArtifacts\RaceControl\HostPCLinux64_GCC\VEOS_Api.o
 .text.unlikely
                0x0000000000002de0        0x0 .\BinaryArtifacts\RaceControl\HostPCLinux64_GCC\VEOS_BusApi.o
 .text.unlikely
                0x0000000000002de0        0x0 .\BinaryArtifacts\RaceControl\HostPCLinux64_GCC\VEOS_ExpApi.o
 .text.unlikely
                0x0000000000002de0        0x0 .\BinaryArtifacts\RaceControl\HostPCLinux64_GCC\VEOS_SimApi.o
 .text.unlikely
                0x0000000000002de0        0x0 .\BinaryArtifacts\RaceControl\HostPCLinux64_GCC\VEOS_NotiApi.o
 .text.unlikely
                0x0000000000002de0        0x0 .\BinaryArtifacts\RaceControl\HostPCLinux64_GCC\VEOS_MsgApi.o
 .text.unlikely
                0x0000000000002de0        0x0 .\BinaryArtifacts\RaceControl\HostPCLinux64_GCC\VEOS_PortApi.o
 .text.unlikely
                0x0000000000002de0        0x0 .\BinaryArtifacts\RaceControl\HostPCLinux64_GCC\VEOS_OsTskApi.o
 .text.unlikely
                0x0000000000002de0        0x0 .\BinaryArtifacts\RaceControl\HostPCLinux64_GCC\VEOS.o
 .text.unlikely
                0x0000000000002de0        0x0 .\BinaryArtifacts\RaceControl\HostPCLinux64_GCC\VEOS_Impl.o
 .text.unlikely
                0x0000000000002de0        0x0 .\BinaryArtifacts\RaceControl\HostPCLinux64_GCC\DsMsgApi.o
 .text.unlikely
                0x0000000000002de0        0x0 .\BinaryArtifacts\RaceControl\HostPCLinux64_GCC\UriCommon.o
 .text.unlikely
                0x0000000000002de0        0x0 .\BinaryArtifacts\RaceControl\HostPCLinux64_GCC\UriEscape.o
 .text.unlikely
                0x0000000000002de0        0x0 .\BinaryArtifacts\RaceControl\HostPCLinux64_GCC\UriFile.o
 .text.unlikely
                0x0000000000002de0        0x0 C:/dev/PP2031~2/ApplCSH/SW/Models/MERGED~1/VEOS_O~2/VEOS_B~1/RACECO~1/GeneratedCode/LibraryFiles/ModelInit/ModelInit_HostPCLinux64_GCC_Release.a(ModelInit.obj)
 .text.unlikely
                0x0000000000002de0        0x0 C:/dev/PP2031~2/ApplCSH/SW/Models/MERGED~1/VEOS_O~2/VEOS_B~1/RACECO~1/GeneratedCode/LibraryFiles/ModelInit/NoEcuIoCore_HostPCLinux64_GCC_Release.a(NoEcuInit.obj)
 .text.unlikely
                0x0000000000002de0        0x0 C:/dev/PP2031~2/ApplCSH/SW/Models/MERGED~1/VEOS_O~2/VEOS_B~1/RACECO~1/GeneratedCode/LibraryFiles/ModelInit/NoCanIoCore_HostPCLinux64_GCC_Release.a(NoCanInit.obj)
 .text.unlikely
                0x0000000000002de0        0x0 C:/dev/PP2031~2/ApplCSH/SW/Models/MERGED~1/VEOS_O~2/VEOS_B~1/RACECO~1/GeneratedCode/LibraryFiles/ModelInit/NoLinIoCore_HostPCLinux64_GCC_Release.a(NoLinInit.obj)
 .text.unlikely
                0x0000000000002de0        0x0 C:/dev/PP2031~2/ApplCSH/SW/Models/MERGED~1/VEOS_O~2/VEOS_B~1/RACECO~1/GeneratedCode/LibraryFiles/ModelInit/NoEthIoCore_HostPCLinux64_GCC_Release.a(NoEthInit.obj)
 .text.unlikely
                0x0000000000002de0        0x0 c:/progra~1/ds27a4~1/build/compiler/gcc/5ace3~1.5_l/target/x86_64~1/bin/../lib/gcc/x86_64-linux-gnu/5.5.0/crtendS.o
 *(.text.exit .text.exit.*)
 *(.text.startup .text.startup.*)
 *(.text.hot .text.hot.*)
 *(.text .stub .text.* .gnu.linkonce.t.*)
 .text          0x0000000000002de0        0x0 c:/progra~1/ds27a4~1/build/compiler/gcc/5ace3~1.5_l/target/x86_64~1/bin/../lib/crti.o
 .text          0x0000000000002de0      0x150 c:/progra~1/ds27a4~1/build/compiler/gcc/5ace3~1.5_l/target/x86_64~1/bin/../lib/gcc/x86_64-linux-gnu/5.5.0/crtbeginS.o
 .text          0x0000000000002f30        0x0 .\BinaryArtifacts\RaceControl\HostPCLinux64_GCC\SmartServices_Cfg_generated.o
 .text          0x0000000000002f30       0x3b .\BinaryArtifacts\RaceControl\HostPCLinux64_GCC\SmartServices.o
                0x0000000000002f30                SmartServices_Initialize
 *fill*         0x0000000000002f6b        0x5 
 .text          0x0000000000002f70      0xb31 .\BinaryArtifacts\RaceControl\HostPCLinux64_GCC\FmiAppFrm_generated.o
                0x0000000000002f70                FmiAppFrm_ReadApplicationPorts
                0x0000000000002ff0                FmiAppFrm_WriteApplicationPorts
                0x00000000000030d0                FmiAppFrm_InitializeParameters
 *fill*         0x0000000000003aa1        0xf 
 .text          0x0000000000003ab0     0x1a3e .\BinaryArtifacts\RaceControl\HostPCLinux64_GCC\Fmi3CsAppFrm.o
                0x0000000000003ab0                Fmi3CsAppFrm_FmiLogMessage
                0x0000000000003ac0                Fmi3CsAppFrm_IntermediateUpdate
                0x0000000000003ae0                Fmi3CsAppFrm_ReadModelVariables
                0x0000000000003de0                Fmi3CsAppFrm_WriteModelVariables
                0x0000000000003fe0                Fmi3CsAppFrm_WriteTunableParameters
                0x00000000000040e0                Fmi3CsAppFrm_WriteStrings
                0x00000000000040f0                Fmi3CsAppFrm_WriteFixedParameters
                0x0000000000004100                Fmi3CsAppFrm_WriteStructuralParameters
                0x0000000000004110                Fmi3CsAppFrm_Download
                0x0000000000004dd0                Fmi3CsAppFrm_Start
                0x0000000000004e40                Fmi3CsAppFrm_Stop
                0x0000000000005030                Fmi3CsAppFrm_Unload
                0x0000000000005080                Fmi3CsAppFrm_Trigger
 *fill*         0x00000000000054ee        0x2 
 .text          0x00000000000054f0       0x95 .\BinaryArtifacts\RaceControl\HostPCLinux64_GCC\FmiAppFrm_Linux.o
                0x00000000000054f0                FmiAppFrm_GetFullPathName
                0x0000000000005550                FmiAppFrm_ConvertPathToUri
                0x0000000000005570                FmiAppFrm_GetLastError
 *fill*         0x0000000000005585        0xb 
 .text          0x0000000000005590       0x75 .\BinaryArtifacts\RaceControl\HostPCLinux64_GCC\VEOS_Api.o
                0x0000000000005590                VEOS_API_Start
                0x00000000000055f0                VEOS_API_Stop
                0x0000000000005600                VEOS_API_Download
 *fill*         0x0000000000005605        0xb 
 .text          0x0000000000005610        0x3 .\BinaryArtifacts\RaceControl\HostPCLinux64_GCC\VEOS_BusApi.o
                0x0000000000005610                VEOS_BusApi_Start
 *fill*         0x0000000000005613        0xd 
 .text          0x0000000000005620      0x1dc .\BinaryArtifacts\RaceControl\HostPCLinux64_GCC\VEOS_ExpApi.o
                0x0000000000005620                VEOS_ExpApi_Download
                0x0000000000005640                VEOS_ExpApi_Start
                0x0000000000005650                VEOS_ExpApi_GetRasterService
                0x00000000000056b0                VEOS_ExpApi_CallDaqService
                0x0000000000005710                VEOS_ExpApi_CallBypassingService
                0x0000000000005720                VEOS_ExpApi_CallStimServicePostStep
                0x0000000000005740                VEOS_ExpApi_CallStimServicePreStep
                0x0000000000005760                VEOS_ExpApi_StimSvcSyncMode
                0x0000000000005780                VEOS_ExpApi_StimSvcAsyncMode
                0x00000000000057a0                VEOS_ExpApi_DsModelAccessRead
                0x00000000000057d0                VEOS_ExpApi_DsModelAccessWrite
 *fill*         0x00000000000057fc        0x4 
 .text          0x0000000000005800      0x638 .\BinaryArtifacts\RaceControl\HostPCLinux64_GCC\VEOS_SimApi.o
                0x0000000000005800                VEOS_SimApi_Start
                0x0000000000005850                VEOS_PauseSimulation
                0x00000000000058d0                VEOS_SimApi_TerminateSimulation
                0x0000000000005950                VEOS_SimApi_TerminateSimulationFatal
                0x00000000000059a0                VEOS_SimApi_DownloadEvent
                0x0000000000005a10                VEOS_SimApi_StartEvent
                0x0000000000005a80                VEOS_SimApi_TriggerEvent
                0x0000000000005af0                VEOS_SimApi_StopEvent
                0x0000000000005b60                VEOS_SimApi_ResetEvent
                0x0000000000005bd0                VEOS_SimApi_UnloadEvent
                0x0000000000005c40                VEOS_StopSimulation
                0x0000000000005cd0                VEOS_GetCurrentOsaPath
                0x0000000000005d10                VEOS_SimApi_ReportError
                0x0000000000005dc0                VEOS_SimApi_SignalApiError
                0x0000000000005df0                VEOS_SimApi_CallIoHandler
                0x0000000000005e00                VEOS_SimApi_SetCurrentEventStatus
                0x0000000000005e20                VEOS_SimApi_ResetCurrentEventStatus
                0x0000000000005e30                VEOS_SimApi_GetCurrentEventStatus
 *fill*         0x0000000000005e38        0x8 
 .text          0x0000000000005e40        0x3 .\BinaryArtifacts\RaceControl\HostPCLinux64_GCC\VEOS_NotiApi.o
                0x0000000000005e40                VEOS_NotiApi_Start
 *fill*         0x0000000000005e43        0xd 
 .text          0x0000000000005e50      0x264 .\BinaryArtifacts\RaceControl\HostPCLinux64_GCC\VEOS_MsgApi.o
                0x0000000000005e50                VEOS_MsgApi_Start
                0x0000000000005e80                VEOS_MsgApi_ShowMessage
                0x0000000000005f10                VEOS_MsgApi_ShowMessageVarArgs
                0x0000000000005fa0                VEOS_MsgApi_ShowMessageFormat
 *fill*         0x00000000000060b4        0xc 
 .text          0x00000000000060c0       0x4a .\BinaryArtifacts\RaceControl\HostPCLinux64_GCC\VEOS_PortApi.o
                0x00000000000060c0                VEOS_PortApi_Start
 *fill*         0x000000000000610a        0x6 
 .text          0x0000000000006110        0x3 .\BinaryArtifacts\RaceControl\HostPCLinux64_GCC\VEOS_OsTskApi.o
                0x0000000000006110                VEOS_OsTskApi_Start
 .text          0x0000000000006113        0x0 .\BinaryArtifacts\RaceControl\HostPCLinux64_GCC\VEOS_Interaction.o
 *fill*         0x0000000000006113        0xd 
 .text          0x0000000000006120      0x368 .\BinaryArtifacts\RaceControl\HostPCLinux64_GCC\VEOS.o
                0x0000000000006120                VEOS_ErrorCodeToMessageConverter
 *fill*         0x0000000000006488        0x8 
 .text          0x0000000000006490      0x381 .\BinaryArtifacts\RaceControl\HostPCLinux64_GCC\VEOS_Impl.o
                0x0000000000006490                VEOS_BusApiImpl_MessageReceivedEvent
                0x00000000000064b0                VEOS_BusApiImpl_LinHeaderReceivedEvent
                0x00000000000064d0                VEOS_BusApiImpl_ChannelStatusEvent
                0x00000000000064f0                VEOS_SimApiImpl_CallIoHandler
                0x0000000000006500                VEOS_SimApiImpl_DownloadEvent
                0x0000000000006570                VEOS_SimApiImpl_StartEvent
                0x0000000000006600                VEOS_SimApiImpl_TriggerEvent
                0x0000000000006630                VEOS_SimApiImpl_StopEvent
                0x0000000000006690                VEOS_SimApiImpl_ResetEvent
                0x00000000000066c0                VEOS_SimApiImpl_UnloadEvent
                0x0000000000006710                VEOS_SimApiImpl_InterruptEvent
                0x0000000000006740                VEOS_EnableInterruptHandlers
                0x0000000000006750                VEOS_DisableInterruptHandlers
                0x0000000000006760                VEOS_CheckDataType
 *fill*         0x0000000000006811        0xf 
 .text          0x0000000000006820      0x2a1 .\BinaryArtifacts\RaceControl\HostPCLinux64_GCC\DsMsgApi.o
                0x0000000000006820                msg_printf
                0x00000000000068e0                msg_error_printf
                0x0000000000006980                msg_info_printf
                0x0000000000006a20                msg_warning_printf
                0x0000000000006ac0                msg_default_dialog_set
 *fill*         0x0000000000006ac1        0xf 
 .text          0x0000000000006ad0      0x19a .\BinaryArtifacts\RaceControl\HostPCLinux64_GCC\UriCommon.o
                0x0000000000006ad0                uriHexdigToIntA
                0x0000000000006b10                uriHexToLetterExA
                0x0000000000006c60                uriHexToLetterA
 *fill*         0x0000000000006c6a        0x6 
 .text          0x0000000000006c70      0x41c .\BinaryArtifacts\RaceControl\HostPCLinux64_GCC\UriEscape.o
                0x0000000000006c70                uriEscapeExA
                0x0000000000006e40                uriUnescapeInPlaceExA
                0x0000000000007070                uriEscapeA
                0x0000000000007080                uriUnescapeInPlaceA
 *fill*         0x000000000000708c        0x4 
 .text          0x0000000000007090      0x467 .\BinaryArtifacts\RaceControl\HostPCLinux64_GCC\UriFile.o
                0x00000000000074a0                uriUnixFilenameToUriStringA
                0x00000000000074b0                uriWindowsFilenameToUriStringA
                0x00000000000074c0                uriUriStringToUnixFilenameA
                0x00000000000074e0                uriUriStringToWindowsFilenameA
 *fill*         0x00000000000074f7        0x9 
 .text          0x0000000000007500       0x7e C:/dev/PP2031~2/ApplCSH/SW/Models/MERGED~1/VEOS_O~2/VEOS_B~1/RACECO~1/GeneratedCode/LibraryFiles/ModelInit/ModelInit_HostPCLinux64_GCC_Release.a(ModelInit.obj)
                0x0000000000007500                VEOS_MdlInitApiImpl_CheckModel
 .text          0x000000000000757e        0x0 C:/dev/PP2031~2/ApplCSH/SW/Models/MERGED~1/VEOS_O~2/VEOS_B~1/RACECO~1/GeneratedCode/LibraryFiles/ModelInit/ModelInit_HostPCLinux64_GCC_Release.a(VEOS_FrmRef.obj)
 *fill*         0x000000000000757e        0x2 
 .text          0x0000000000007580      0x240 C:/dev/PP2031~2/ApplCSH/SW/Models/MERGED~1/VEOS_O~2/VEOS_B~1/RACECO~1/GeneratedCode/LibraryFiles/ModelInit/NoEcuIoCore_HostPCLinux64_GCC_Release.a(NoEcuInit.obj)
                0x0000000000007580                VEOS_ModelInit_EcuCoreInit
 .text          0x00000000000077c0      0x240 C:/dev/PP2031~2/ApplCSH/SW/Models/MERGED~1/VEOS_O~2/VEOS_B~1/RACECO~1/GeneratedCode/LibraryFiles/ModelInit/NoCanIoCore_HostPCLinux64_GCC_Release.a(NoCanInit.obj)
                0x00000000000077c0                VEOS_ModelInit_CanCoreInit
 .text          0x0000000000007a00      0x240 C:/dev/PP2031~2/ApplCSH/SW/Models/MERGED~1/VEOS_O~2/VEOS_B~1/RACECO~1/GeneratedCode/LibraryFiles/ModelInit/NoLinIoCore_HostPCLinux64_GCC_Release.a(NoLinInit.obj)
                0x0000000000007a00                VEOS_ModelInit_LinCoreInit
 .text          0x0000000000007c40      0x240 C:/dev/PP2031~2/ApplCSH/SW/Models/MERGED~1/VEOS_O~2/VEOS_B~1/RACECO~1/GeneratedCode/LibraryFiles/ModelInit/NoEthIoCore_HostPCLinux64_GCC_Release.a(NoEthInit.obj)
                0x0000000000007c40                VEOS_ModelInit_EthCoreInit
 .text          0x0000000000007e80       0x37 c:/progra~1/ds27a4~1/build/compiler/gcc/5ace3~1.5_l/target/x86_64~1/bin/../lib/gcc/x86_64-linux-gnu/5.5.0/crtendS.o
 .text          0x0000000000007eb7        0x0 c:/progra~1/ds27a4~1/build/compiler/gcc/5ace3~1.5_l/target/x86_64~1/bin/../lib/crtn.o
 *(.gnu.warning)

.fini           0x0000000000007eb8        0xe
 *(SORT(.fini))
 .fini          0x0000000000007eb8        0x4 c:/progra~1/ds27a4~1/build/compiler/gcc/5ace3~1.5_l/target/x86_64~1/bin/../lib/crti.o
                0x0000000000007eb8                _fini
 .fini          0x0000000000007ebc        0x5 c:/progra~1/ds27a4~1/build/compiler/gcc/5ace3~1.5_l/target/x86_64~1/bin/../lib/gcc/x86_64-linux-gnu/5.5.0/crtbeginS.o
 .fini          0x0000000000007ec1        0x5 c:/progra~1/ds27a4~1/build/compiler/gcc/5ace3~1.5_l/target/x86_64~1/bin/../lib/crtn.o
                [!provide]                        PROVIDE (__etext, .)
                [!provide]                        PROVIDE (_etext, .)
                [!provide]                        PROVIDE (etext, .)

.rodata         0x0000000000007ee0     0x1806
 *(.rodata .rodata.* .gnu.linkonce.r.*)
 .rodata        0x0000000000007ee0       0xc4 .\BinaryArtifacts\RaceControl\HostPCLinux64_GCC\FmiAppFrm_generated.o
                0x0000000000007ee0                ga_BooleanInValueRefs
                0x0000000000007f00                ga_Float32TunParamValueRefs
                0x0000000000007f40                ga_Float32OutValueRefs
                0x0000000000007f4c                ga_UInt16OutValueRefs
                0x0000000000007f60                ga_UInt8OutValueRefs
                0x0000000000007f90                ga_UInt8InValueRefs
 .rodata.cst4   0x0000000000007fa4       0x20 .\BinaryArtifacts\RaceControl\HostPCLinux64_GCC\FmiAppFrm_generated.o
 .rodata.str1.1
                0x0000000000007fc4      0x2a7 .\BinaryArtifacts\RaceControl\HostPCLinux64_GCC\Fmi3CsAppFrm.o
 *fill*         0x000000000000826b        0x5 
 .rodata.str1.8
                0x0000000000008270      0x321 .\BinaryArtifacts\RaceControl\HostPCLinux64_GCC\Fmi3CsAppFrm.o
 *fill*         0x0000000000008591        0x7 
 .rodata.cst8   0x0000000000008598       0x10 .\BinaryArtifacts\RaceControl\HostPCLinux64_GCC\Fmi3CsAppFrm.o
 .rodata.str1.1
                0x00000000000085a8        0xd .\BinaryArtifacts\RaceControl\HostPCLinux64_GCC\FmiAppFrm_Linux.o
 .rodata.str1.1
                0x00000000000085b5        0xe .\BinaryArtifacts\RaceControl\HostPCLinux64_GCC\VEOS_SimApi.o
 *fill*         0x00000000000085c3        0x5 
 .rodata.str1.8
                0x00000000000085c8       0x54 .\BinaryArtifacts\RaceControl\HostPCLinux64_GCC\VEOS_SimApi.o
 *fill*         0x000000000000861c        0x4 
 .rodata        0x0000000000008620      0x135 .\BinaryArtifacts\RaceControl\HostPCLinux64_GCC\VEOS_SimApi.o
 .rodata.str1.1
                0x0000000000008755        0xb .\BinaryArtifacts\RaceControl\HostPCLinux64_GCC\VEOS_MsgApi.o
 .rodata        0x0000000000008760       0x38 .\BinaryArtifacts\RaceControl\HostPCLinux64_GCC\VEOS_MsgApi.o
 .rodata        0x0000000000008798        0x8 .\BinaryArtifacts\RaceControl\HostPCLinux64_GCC\VEOS_Interaction.o
                0x0000000000008798                ga_VEOS_Version
 .rodata.str1.8
                0x00000000000087a0      0x951 .\BinaryArtifacts\RaceControl\HostPCLinux64_GCC\VEOS.o
 .rodata.str1.1
                0x00000000000090f1       0x20 .\BinaryArtifacts\RaceControl\HostPCLinux64_GCC\VEOS.o
 *fill*         0x0000000000009111        0x7 
 .rodata.str1.8
                0x0000000000009118      0x350 .\BinaryArtifacts\RaceControl\HostPCLinux64_GCC\VEOS_Impl.o
 *fill*         0x0000000000009468        0x8 
 .rodata        0x0000000000009470       0x20 .\BinaryArtifacts\RaceControl\HostPCLinux64_GCC\DsMsgApi.o
 .rodata        0x0000000000009490       0x3c .\BinaryArtifacts\RaceControl\HostPCLinux64_GCC\UriCommon.o
 .rodata        0x00000000000094cc      0x1fc .\BinaryArtifacts\RaceControl\HostPCLinux64_GCC\UriEscape.o
 .rodata.str1.1
                0x00000000000096c8       0x1e .\BinaryArtifacts\RaceControl\HostPCLinux64_GCC\UriFile.o

.rodata1
 *(.rodata1)

.eh_frame_hdr   0x00000000000096e8      0x324
 *(.eh_frame_hdr)
 .eh_frame_hdr  0x00000000000096e8      0x324 .\BinaryArtifacts\RaceControl\HostPCLinux64_GCC\SmartServices.o
                0x00000000000096e8                __GNU_EH_FRAME_HDR
 *(.eh_frame_entry .eh_frame_entry.*)

.eh_frame       0x0000000000009a10      0xd9c
 *(.eh_frame)
 .eh_frame      0x0000000000009a10       0x40 c:/progra~1/ds27a4~1/build/compiler/gcc/5ace3~1.5_l/target/x86_64~1/bin/../lib/crti.o
 .eh_frame      0x0000000000009a50       0x18 .\BinaryArtifacts\RaceControl\HostPCLinux64_GCC\SmartServices.o
                                         0x30 (size before relaxing)
 .eh_frame      0x0000000000009a68       0x58 .\BinaryArtifacts\RaceControl\HostPCLinux64_GCC\FmiAppFrm_generated.o
                                         0x68 (size before relaxing)
 .eh_frame      0x0000000000009ac0      0x220 .\BinaryArtifacts\RaceControl\HostPCLinux64_GCC\Fmi3CsAppFrm.o
 .eh_frame      0x0000000000009ce0       0x58 .\BinaryArtifacts\RaceControl\HostPCLinux64_GCC\FmiAppFrm_Linux.o
                                         0x70 (size before relaxing)
 .eh_frame      0x0000000000009d38       0x50 .\BinaryArtifacts\RaceControl\HostPCLinux64_GCC\VEOS_Api.o
                                         0x60 (size before relaxing)
 .eh_frame      0x0000000000009d88       0x18 .\BinaryArtifacts\RaceControl\HostPCLinux64_GCC\VEOS_BusApi.o
                                         0x30 (size before relaxing)
 .eh_frame      0x0000000000009da0      0x110 .\BinaryArtifacts\RaceControl\HostPCLinux64_GCC\VEOS_ExpApi.o
                                        0x118 (size before relaxing)
 .eh_frame      0x0000000000009eb0      0x2f8 .\BinaryArtifacts\RaceControl\HostPCLinux64_GCC\VEOS_SimApi.o
 .eh_frame      0x000000000000a1a8       0x18 .\BinaryArtifacts\RaceControl\HostPCLinux64_GCC\VEOS_NotiApi.o
                                         0x30 (size before relaxing)
 .eh_frame      0x000000000000a1c0       0xc8 .\BinaryArtifacts\RaceControl\HostPCLinux64_GCC\VEOS_MsgApi.o
                                         0xe0 (size before relaxing)
 .eh_frame      0x000000000000a288       0x18 .\BinaryArtifacts\RaceControl\HostPCLinux64_GCC\VEOS_PortApi.o
                                         0x30 (size before relaxing)
 .eh_frame      0x000000000000a2a0       0x18 .\BinaryArtifacts\RaceControl\HostPCLinux64_GCC\VEOS_OsTskApi.o
                                         0x30 (size before relaxing)
 .eh_frame      0x000000000000a2b8       0x18 .\BinaryArtifacts\RaceControl\HostPCLinux64_GCC\VEOS.o
                                         0x30 (size before relaxing)
 .eh_frame      0x000000000000a2d0      0x188 .\BinaryArtifacts\RaceControl\HostPCLinux64_GCC\VEOS_Impl.o
                                        0x180 (size before relaxing)
 .eh_frame      0x000000000000a458       0x98 .\BinaryArtifacts\RaceControl\HostPCLinux64_GCC\DsMsgApi.o
                                         0xa0 (size before relaxing)
 .eh_frame      0x000000000000a4f0       0x48 .\BinaryArtifacts\RaceControl\HostPCLinux64_GCC\UriCommon.o
                                         0x58 (size before relaxing)
 .eh_frame      0x000000000000a538       0xf0 .\BinaryArtifacts\RaceControl\HostPCLinux64_GCC\UriEscape.o
                                        0x100 (size before relaxing)
 .eh_frame      0x000000000000a628       0xe8 .\BinaryArtifacts\RaceControl\HostPCLinux64_GCC\UriFile.o
 .eh_frame      0x000000000000a710       0x38 C:/dev/PP2031~2/ApplCSH/SW/Models/MERGED~1/VEOS_O~2/VEOS_B~1/RACECO~1/GeneratedCode/LibraryFiles/ModelInit/ModelInit_HostPCLinux64_GCC_Release.a(ModelInit.obj)
                                         0x50 (size before relaxing)
 .eh_frame      0x000000000000a748       0x18 C:/dev/PP2031~2/ApplCSH/SW/Models/MERGED~1/VEOS_O~2/VEOS_B~1/RACECO~1/GeneratedCode/LibraryFiles/ModelInit/NoEcuIoCore_HostPCLinux64_GCC_Release.a(NoEcuInit.obj)
                                         0x30 (size before relaxing)
 .eh_frame      0x000000000000a760       0x18 C:/dev/PP2031~2/ApplCSH/SW/Models/MERGED~1/VEOS_O~2/VEOS_B~1/RACECO~1/GeneratedCode/LibraryFiles/ModelInit/NoCanIoCore_HostPCLinux64_GCC_Release.a(NoCanInit.obj)
                                         0x30 (size before relaxing)
 .eh_frame      0x000000000000a778       0x18 C:/dev/PP2031~2/ApplCSH/SW/Models/MERGED~1/VEOS_O~2/VEOS_B~1/RACECO~1/GeneratedCode/LibraryFiles/ModelInit/NoLinIoCore_HostPCLinux64_GCC_Release.a(NoLinInit.obj)
                                         0x30 (size before relaxing)
 .eh_frame      0x000000000000a790       0x18 C:/dev/PP2031~2/ApplCSH/SW/Models/MERGED~1/VEOS_O~2/VEOS_B~1/RACECO~1/GeneratedCode/LibraryFiles/ModelInit/NoEthIoCore_HostPCLinux64_GCC_Release.a(NoEthInit.obj)
                                         0x30 (size before relaxing)
 .eh_frame      0x000000000000a7a8        0x4 c:/progra~1/ds27a4~1/build/compiler/gcc/5ace3~1.5_l/target/x86_64~1/bin/../lib/gcc/x86_64-linux-gnu/5.5.0/crtendS.o
 *(.eh_frame.*)

.gcc_except_table
 *(.gcc_except_table .gcc_except_table.*)

.gnu_extab
 *(.gnu_extab*)

.exception_ranges
 *(.exception_ranges .exception_ranges*)
                0x000000000020b000                . = DATA_SEGMENT_ALIGN (0x200000, 0x1000)

.eh_frame
 *(.eh_frame)
 *(.eh_frame.*)

.gnu_extab
 *(.gnu_extab)

.gcc_except_table
 *(.gcc_except_table .gcc_except_table.*)

.exception_ranges
 *(.exception_ranges .exception_ranges*)

.tdata
 *(.tdata .tdata.* .gnu.linkonce.td.*)

.tbss
 *(.tbss .tbss.* .gnu.linkonce.tb.*)
 *(.tcommon)

.preinit_array
 *(.preinit_array)

.init_array
 *(SORT(.init_array.*))
 *(.init_array)

.fini_array
 *(SORT(.fini_array.*))
 *(.fini_array)

.ctors          0x000000000020b000       0x10
 *crtbegin.o(.ctors)
 *crtbegin?.o(.ctors)
 .ctors         0x000000000020b000        0x8 c:/progra~1/ds27a4~1/build/compiler/gcc/5ace3~1.5_l/target/x86_64~1/bin/../lib/gcc/x86_64-linux-gnu/5.5.0/crtbeginS.o
 *(EXCLUDE_FILE(*crtend?.o *crtend.o) .ctors)
 *(SORT(.ctors.*))
 *(.ctors)
 .ctors         0x000000000020b008        0x8 c:/progra~1/ds27a4~1/build/compiler/gcc/5ace3~1.5_l/target/x86_64~1/bin/../lib/gcc/x86_64-linux-gnu/5.5.0/crtendS.o

.dtors          0x000000000020b010       0x10
 *crtbegin.o(.dtors)
 *crtbegin?.o(.dtors)
 .dtors         0x000000000020b010        0x8 c:/progra~1/ds27a4~1/build/compiler/gcc/5ace3~1.5_l/target/x86_64~1/bin/../lib/gcc/x86_64-linux-gnu/5.5.0/crtbeginS.o
 *(EXCLUDE_FILE(*crtend?.o *crtend.o) .dtors)
 *(SORT(.dtors.*))
 *(.dtors)
 .dtors         0x000000000020b018        0x8 c:/progra~1/ds27a4~1/build/compiler/gcc/5ace3~1.5_l/target/x86_64~1/bin/../lib/gcc/x86_64-linux-gnu/5.5.0/crtendS.o
                0x000000000020b018                __DTOR_END__

.jcr            0x000000000020b020        0x8
 *(.jcr)
 .jcr           0x000000000020b020        0x0 c:/progra~1/ds27a4~1/build/compiler/gcc/5ace3~1.5_l/target/x86_64~1/bin/../lib/gcc/x86_64-linux-gnu/5.5.0/crtbeginS.o
 .jcr           0x000000000020b020        0x8 c:/progra~1/ds27a4~1/build/compiler/gcc/5ace3~1.5_l/target/x86_64~1/bin/../lib/gcc/x86_64-linux-gnu/5.5.0/crtendS.o

.data.rel.ro    0x000000000020b040      0x438
 *(.data.rel.ro.local* .gnu.linkonce.d.rel.ro.local.*)
 .data.rel.ro.local
                0x000000000020b040       0xb0 .\BinaryArtifacts\RaceControl\HostPCLinux64_GCC\SmartServices.o
                0x000000000020b040                g_SmartServices_Api
 *(.data.rel.ro .data.rel.ro.* .gnu.linkonce.d.rel.ro.*)
 *fill*         0x000000000020b0f0       0x10 
 .data.rel.ro   0x000000000020b100      0x378 .\BinaryArtifacts\RaceControl\HostPCLinux64_GCC\VEOS_Interaction.o
                0x000000000020b100                g_VEOS_Interaction
                0x000000000020b180                g_VEOS_PortApi
                0x000000000020b3c0                g_VEOS_MsgApi
                0x000000000020b400                g_VEOS_SimApi

.dynamic        0x000000000020b478      0x1a0
 *(.dynamic)
 .dynamic       0x000000000020b478      0x1a0 c:/progra~1/ds27a4~1/build/compiler/gcc/5ace3~1.5_l/target/x86_64~1/bin/../lib/crti.o
                0x000000000020b478                _DYNAMIC

.got            0x000000000020b618       0x78
 *(.got)
 .got           0x000000000020b618       0x78 c:/progra~1/ds27a4~1/build/compiler/gcc/5ace3~1.5_l/target/x86_64~1/bin/../lib/crti.o
 *(.igot)
                0x000000000020b690                . = DATA_SEGMENT_RELRO_END (., (SIZEOF (.got.plt) >= 0x18)?0x18:0x0)

.got.plt        0x000000000020b690       0x68
 *(.got.plt)
 .got.plt       0x000000000020b690       0x68 c:/progra~1/ds27a4~1/build/compiler/gcc/5ace3~1.5_l/target/x86_64~1/bin/../lib/crti.o
                0x000000000020b690                _GLOBAL_OFFSET_TABLE_
 *(.igot.plt)

.data           0x000000000020b700      0x3d0
 *(.data .data.* .gnu.linkonce.d.*)
 .data          0x000000000020b700        0x0 c:/progra~1/ds27a4~1/build/compiler/gcc/5ace3~1.5_l/target/x86_64~1/bin/../lib/crti.o
 .data          0x000000000020b700        0x0 c:/progra~1/ds27a4~1/build/compiler/gcc/5ace3~1.5_l/target/x86_64~1/bin/../lib/gcc/x86_64-linux-gnu/5.5.0/crtbeginS.o
 .data.rel.local
                0x000000000020b700        0x8 c:/progra~1/ds27a4~1/build/compiler/gcc/5ace3~1.5_l/target/x86_64~1/bin/../lib/gcc/x86_64-linux-gnu/5.5.0/crtbeginS.o
                0x000000000020b700                __dso_handle
 .data          0x000000000020b708        0x0 .\BinaryArtifacts\RaceControl\HostPCLinux64_GCC\SmartServices_Cfg_generated.o
 .data.rel.local
                0x000000000020b708       0x18 .\BinaryArtifacts\RaceControl\HostPCLinux64_GCC\SmartServices_Cfg_generated.o
                0x000000000020b708                XilApiEesPortErrorSwitching
                0x000000000020b710                XilApiEesPortErrorActivated
                0x000000000020b718                XilApiEesPortActiveErrorSet
 .data          0x000000000020b720        0x4 .\BinaryArtifacts\RaceControl\HostPCLinux64_GCC\SmartServices.o
 *fill*         0x000000000020b724        0x4 
 .data.rel.local
                0x000000000020b728        0x8 .\BinaryArtifacts\RaceControl\HostPCLinux64_GCC\SmartServices.o
                0x000000000020b728                g_SmartServices_DsModelAccessEnabled
 .data          0x000000000020b730        0x0 .\BinaryArtifacts\RaceControl\HostPCLinux64_GCC\FmiAppFrm_generated.o
 .data          0x000000000020b730        0x8 .\BinaryArtifacts\RaceControl\HostPCLinux64_GCC\Fmi3CsAppFrm.o
                0x000000000020b730                g_Fmi3CsAppFrm_LastStepSimulationTime
 .data          0x000000000020b738        0x0 .\BinaryArtifacts\RaceControl\HostPCLinux64_GCC\FmiAppFrm_Linux.o
 .data          0x000000000020b738        0x0 .\BinaryArtifacts\RaceControl\HostPCLinux64_GCC\VEOS_Api.o
 .data          0x000000000020b738        0x0 .\BinaryArtifacts\RaceControl\HostPCLinux64_GCC\VEOS_BusApi.o
 .data          0x000000000020b738        0x8 .\BinaryArtifacts\RaceControl\HostPCLinux64_GCC\VEOS_ExpApi.o
                0x000000000020b738                ga_VEOS_ExpApi_Rasters
 .data          0x000000000020b740        0x0 .\BinaryArtifacts\RaceControl\HostPCLinux64_GCC\VEOS_SimApi.o
 .data          0x000000000020b740        0x0 .\BinaryArtifacts\RaceControl\HostPCLinux64_GCC\VEOS_NotiApi.o
 .data          0x000000000020b740        0x0 .\BinaryArtifacts\RaceControl\HostPCLinux64_GCC\VEOS_MsgApi.o
 .data          0x000000000020b740        0x0 .\BinaryArtifacts\RaceControl\HostPCLinux64_GCC\VEOS_PortApi.o
 .data          0x000000000020b740        0x0 .\BinaryArtifacts\RaceControl\HostPCLinux64_GCC\VEOS_OsTskApi.o
 .data          0x000000000020b740        0x0 .\BinaryArtifacts\RaceControl\HostPCLinux64_GCC\VEOS_Interaction.o
 .data          0x000000000020b740       0x10 .\BinaryArtifacts\RaceControl\HostPCLinux64_GCC\VEOS.o
                0x000000000020b740                ga_VEOS_ModelHash
 .data          0x000000000020b750        0x8 .\BinaryArtifacts\RaceControl\HostPCLinux64_GCC\VEOS_Impl.o
 .data          0x000000000020b758        0x0 .\BinaryArtifacts\RaceControl\HostPCLinux64_GCC\DsMsgApi.o
 .data          0x000000000020b758        0x0 .\BinaryArtifacts\RaceControl\HostPCLinux64_GCC\UriCommon.o
 .data          0x000000000020b758        0x0 .\BinaryArtifacts\RaceControl\HostPCLinux64_GCC\UriEscape.o
 .data          0x000000000020b758        0x0 .\BinaryArtifacts\RaceControl\HostPCLinux64_GCC\UriFile.o
 .data          0x000000000020b758        0x0 C:/dev/PP2031~2/ApplCSH/SW/Models/MERGED~1/VEOS_O~2/VEOS_B~1/RACECO~1/GeneratedCode/LibraryFiles/ModelInit/ModelInit_HostPCLinux64_GCC_Release.a(ModelInit.obj)
 .data          0x000000000020b758        0x0 C:/dev/PP2031~2/ApplCSH/SW/Models/MERGED~1/VEOS_O~2/VEOS_B~1/RACECO~1/GeneratedCode/LibraryFiles/ModelInit/ModelInit_HostPCLinux64_GCC_Release.a(VEOS_FrmRef.obj)
 *fill*         0x000000000020b758        0x8 
 .data          0x000000000020b760       0xd0 C:/dev/PP2031~2/ApplCSH/SW/Models/MERGED~1/VEOS_O~2/VEOS_B~1/RACECO~1/GeneratedCode/LibraryFiles/ModelInit/NoEcuIoCore_HostPCLinux64_GCC_Release.a(NoEcuInit.obj)
                0x000000000020b760                g_VEOS_ModelInit_Ecu
 *fill*         0x000000000020b830       0x10 
 .data          0x000000000020b840       0xd0 C:/dev/PP2031~2/ApplCSH/SW/Models/MERGED~1/VEOS_O~2/VEOS_B~1/RACECO~1/GeneratedCode/LibraryFiles/ModelInit/NoCanIoCore_HostPCLinux64_GCC_Release.a(NoCanInit.obj)
                0x000000000020b840                g_VEOS_ModelInit_Can
 *fill*         0x000000000020b910       0x10 
 .data          0x000000000020b920       0xd0 C:/dev/PP2031~2/ApplCSH/SW/Models/MERGED~1/VEOS_O~2/VEOS_B~1/RACECO~1/GeneratedCode/LibraryFiles/ModelInit/NoLinIoCore_HostPCLinux64_GCC_Release.a(NoLinInit.obj)
                0x000000000020b920                g_VEOS_ModelInit_Lin
 *fill*         0x000000000020b9f0       0x10 
 .data          0x000000000020ba00       0xd0 C:/dev/PP2031~2/ApplCSH/SW/Models/MERGED~1/VEOS_O~2/VEOS_B~1/RACECO~1/GeneratedCode/LibraryFiles/ModelInit/NoEthIoCore_HostPCLinux64_GCC_Release.a(NoEthInit.obj)
                0x000000000020ba00                g_VEOS_ModelInit_Eth
 .data          0x000000000020bad0        0x0 c:/progra~1/ds27a4~1/build/compiler/gcc/5ace3~1.5_l/target/x86_64~1/bin/../lib/gcc/x86_64-linux-gnu/5.5.0/crtendS.o
 .data          0x000000000020bad0        0x0 c:/progra~1/ds27a4~1/build/compiler/gcc/5ace3~1.5_l/target/x86_64~1/bin/../lib/crtn.o

.tm_clone_table
                0x000000000020bad0        0x0
 .tm_clone_table
                0x000000000020bad0        0x0 c:/progra~1/ds27a4~1/build/compiler/gcc/5ace3~1.5_l/target/x86_64~1/bin/../lib/gcc/x86_64-linux-gnu/5.5.0/crtbeginS.o
 .tm_clone_table
                0x000000000020bad0        0x0 c:/progra~1/ds27a4~1/build/compiler/gcc/5ace3~1.5_l/target/x86_64~1/bin/../lib/gcc/x86_64-linux-gnu/5.5.0/crtendS.o

VEOS_CAL        0x000000000020bad0        0x3
                [!provide]                        PROVIDE (__start_VEOS_CAL, .)
 VEOS_CAL       0x000000000020bad0        0x1 .\BinaryArtifacts\RaceControl\HostPCLinux64_GCC\VEOS_BusApi.o
                0x000000000020bad0                g_VEOS_DisconnectBuses
 VEOS_CAL       0x000000000020bad1        0x1 .\BinaryArtifacts\RaceControl\HostPCLinux64_GCC\VEOS_SimApi.o
                0x000000000020bad1                g_VEOS_DisconnectCompletely
 VEOS_CAL       0x000000000020bad2        0x1 .\BinaryArtifacts\RaceControl\HostPCLinux64_GCC\VEOS_PortApi.o
                0x000000000020bad2                g_VEOS_DisconnectPorts
                [!provide]                        PROVIDE (__stop_VEOS_CAL, .)

.data1
 *(.data1)
                0x000000000020bad3                _edata = .
                [!provide]                        PROVIDE (edata, .)
                0x000000000020bad3                . = .
                0x000000000020bad3                __bss_start = .

.bss            0x000000000020bae0      0xed8
 *(.dynbss)
 .dynbss        0x000000000020bae0        0x0 c:/progra~1/ds27a4~1/build/compiler/gcc/5ace3~1.5_l/target/x86_64~1/bin/../lib/crti.o
 *(.bss .bss.* .gnu.linkonce.b.*)
 .bss           0x000000000020bae0        0x0 c:/progra~1/ds27a4~1/build/compiler/gcc/5ace3~1.5_l/target/x86_64~1/bin/../lib/crti.o
 .bss           0x000000000020bae0       0x10 c:/progra~1/ds27a4~1/build/compiler/gcc/5ace3~1.5_l/target/x86_64~1/bin/../lib/gcc/x86_64-linux-gnu/5.5.0/crtbeginS.o
 .bss           0x000000000020baf0       0x14 .\BinaryArtifacts\RaceControl\HostPCLinux64_GCC\SmartServices_Cfg_generated.o
                0x000000000020baf0                XilApiEesPortTrigger
                0x000000000020baf4                XilApiEesPortFlags
                0x000000000020baf8                XilApiEesPortErrorSwitchingValue
                0x000000000020bafc                XilApiEesPortErrorActivatedValue
                0x000000000020bb00                XilApiEesPortActiveErrorSetValue
 *fill*         0x000000000020bb04        0x4 
 .bss           0x000000000020bb08       0x38 .\BinaryArtifacts\RaceControl\HostPCLinux64_GCC\SmartServices.o
                0x000000000020bb08                gp_SmartServices_DsModelAccessWrite
                0x000000000020bb10                gp_SmartServices_DsModelAccessRead
                0x000000000020bb18                gp_SmartServices_DsModelAccessInit
                0x000000000020bb20                gp_SmartServices_DsRtt_SetAsync
                0x000000000020bb28                gp_SmartServices_DsRtt_ScriptServicePreComputation
                0x000000000020bb30                gp_SmartServices_DsRtt_ScriptServicePostComputation
                0x000000000020bb38                gp_SmartServices_DsDaq_Service
 .bss           0x000000000020bb40      0x8b6 .\BinaryArtifacts\RaceControl\HostPCLinux64_GCC\FmiAppFrm_generated.o
                0x000000000020bb40                ga_BooleanInValues
                0x000000000020bb80                ga_Float32TunParamValues
                0x000000000020c060                ga_Float32OutValues
                0x000000000020c1e0                ga_UInt16OutValues
                0x000000000020c220                ga_UInt8OutValues
                0x000000000020c360                ga_UInt8InValues
 *fill*         0x000000000020c3f6        0x2 
 .bss           0x000000000020c3f8      0x130 .\BinaryArtifacts\RaceControl\HostPCLinux64_GCC\Fmi3CsAppFrm.o
                0x000000000020c3f8                g_FmiAppFrm_ResetFailed
                0x000000000020c400                gp_fmi3SetBinary
                0x000000000020c408                gp_fmi3SetString
                0x000000000020c410                gp_fmi3SetBoolean
                0x000000000020c418                gp_fmi3SetUInt64
                0x000000000020c420                gp_fmi3SetInt64
                0x000000000020c428                gp_fmi3SetUInt32
                0x000000000020c430                gp_fmi3SetInt32
                0x000000000020c438                gp_fmi3SetUInt16
                0x000000000020c440                gp_fmi3SetInt16
                0x000000000020c448                gp_fmi3SetUInt8
                0x000000000020c450                gp_fmi3SetInt8
                0x000000000020c458                gp_fmi3SetFloat64
                0x000000000020c460                gp_fmi3SetFloat32
                0x000000000020c468                gp_fmi3GetBinary
                0x000000000020c470                gp_fmi3GetString
                0x000000000020c478                gp_fmi3GetBoolean
                0x000000000020c480                gp_fmi3GetUInt64
                0x000000000020c488                gp_fmi3GetInt64
                0x000000000020c490                gp_fmi3GetUInt32
                0x000000000020c498                gp_fmi3GetInt32
                0x000000000020c4a0                gp_fmi3GetUInt16
                0x000000000020c4a8                gp_fmi3GetInt16
                0x000000000020c4b0                gp_fmi3GetUInt8
                0x000000000020c4b8                gp_fmi3GetInt8
                0x000000000020c4c0                gp_fmi3GetFloat64
                0x000000000020c4c8                gp_fmi3GetFloat32
                0x000000000020c4d0                gp_fmi3DoStep
                0x000000000020c4d8                gp_fmi3Reset
                0x000000000020c4e0                gp_fmi3Terminate
                0x000000000020c4e8                gp_fmi3ExitInitializationMode
                0x000000000020c4f0                gp_fmi3EnterInitializationMode
                0x000000000020c4f8                gp_fmi3ExitConfigurationMode
                0x000000000020c500                gp_fmi3EnterConfigurationMode
                0x000000000020c508                gp_fmi3FreeInstance
                0x000000000020c510                gp_fmi3InstantiateCoSimulation
                0x000000000020c518                gp_fmu3Instance
                0x000000000020c520                gp_fmi3Module
 .bss           0x000000000020c528        0x0 .\BinaryArtifacts\RaceControl\HostPCLinux64_GCC\FmiAppFrm_Linux.o
 .bss           0x000000000020c528        0x0 .\BinaryArtifacts\RaceControl\HostPCLinux64_GCC\VEOS_Api.o
 .bss           0x000000000020c528        0x0 .\BinaryArtifacts\RaceControl\HostPCLinux64_GCC\VEOS_BusApi.o
 .bss           0x000000000020c528        0x8 .\BinaryArtifacts\RaceControl\HostPCLinux64_GCC\VEOS_ExpApi.o
                0x000000000020c528                gp_VEOS_ExpApi_Instance
 .bss           0x000000000020c530       0x34 .\BinaryArtifacts\RaceControl\HostPCLinux64_GCC\VEOS_SimApi.o
                0x000000000020c530                gp_VEOS_SimApi_Instance
                0x000000000020c538                g_VEOS_SimApi_RealTimeDeviation
                0x000000000020c540                g_VEOS_CurrentSimulationCounter_1ns
                0x000000000020c548                g_VEOS_CurrentSimulationTime
                0x000000000020c550                g_VEOS_SimApi_CurrentEventStatus
                0x000000000020c552                g_VEOS_SimApi_SignalErrorOn
                0x000000000020c558                gp_VEOS_TargetAddressBase
                0x000000000020c560                g_VEOS_ApplicationId
 *fill*         0x000000000020c564        0x4 
 .bss           0x000000000020c568        0x8 .\BinaryArtifacts\RaceControl\HostPCLinux64_GCC\VEOS_NotiApi.o
                0x000000000020c568                gp_VEOS_NotiApi_Instance
 .bss           0x000000000020c570        0x8 .\BinaryArtifacts\RaceControl\HostPCLinux64_GCC\VEOS_MsgApi.o
                0x000000000020c570                gp_VEOS_MsgApi_Instance
 .bss           0x000000000020c578        0x0 .\BinaryArtifacts\RaceControl\HostPCLinux64_GCC\VEOS_PortApi.o
 .bss           0x000000000020c578        0x8 .\BinaryArtifacts\RaceControl\HostPCLinux64_GCC\VEOS_OsTskApi.o
                0x000000000020c578                gp_VEOS_OsTskApi_Instance
 .bss           0x000000000020c580        0x0 .\BinaryArtifacts\RaceControl\HostPCLinux64_GCC\VEOS_Interaction.o
 .bss           0x000000000020c580        0x0 .\BinaryArtifacts\RaceControl\HostPCLinux64_GCC\VEOS.o
 .bss           0x000000000020c580        0x0 .\BinaryArtifacts\RaceControl\HostPCLinux64_GCC\VEOS_Impl.o
 .bss           0x000000000020c580        0x0 .\BinaryArtifacts\RaceControl\HostPCLinux64_GCC\DsMsgApi.o
 .bss           0x000000000020c580        0x0 .\BinaryArtifacts\RaceControl\HostPCLinux64_GCC\UriCommon.o
 .bss           0x000000000020c580        0x0 .\BinaryArtifacts\RaceControl\HostPCLinux64_GCC\UriEscape.o
 .bss           0x000000000020c580        0x0 .\BinaryArtifacts\RaceControl\HostPCLinux64_GCC\UriFile.o
 .bss           0x000000000020c580        0x0 C:/dev/PP2031~2/ApplCSH/SW/Models/MERGED~1/VEOS_O~2/VEOS_B~1/RACECO~1/GeneratedCode/LibraryFiles/ModelInit/ModelInit_HostPCLinux64_GCC_Release.a(ModelInit.obj)
 .bss           0x000000000020c580      0x3b2 C:/dev/PP2031~2/ApplCSH/SW/Models/MERGED~1/VEOS_O~2/VEOS_B~1/RACECO~1/GeneratedCode/LibraryFiles/ModelInit/ModelInit_HostPCLinux64_GCC_Release.a(VEOS_FrmRef.obj)
                0x000000000020c580                gp_VEOS_OsTskApi_GetCurrentThreadId
                0x000000000020c588                gp_VEOS_OsTskApi_SwitchToThread
                0x000000000020c590                gp_VEOS_OsTskApi_DeleteThread
                0x000000000020c598                gp_VEOS_OsTskApi_CreateThread
                0x000000000020c5a0                gp_VEOS_PortApi_WriteVarSizePortBinary
                0x000000000020c5a8                gp_VEOS_PortApi_WriteVarSizePortFloat64
                0x000000000020c5b0                gp_VEOS_PortApi_WriteVarSizePortFloat32
                0x000000000020c5b8                gp_VEOS_PortApi_WriteVarSizePortBoolean
                0x000000000020c5c0                gp_VEOS_PortApi_WriteVarSizePortSInt64
                0x000000000020c5c8                gp_VEOS_PortApi_WriteVarSizePortUInt64
                0x000000000020c5d0                gp_VEOS_PortApi_WriteVarSizePortSInt32
                0x000000000020c5d8                gp_VEOS_PortApi_WriteVarSizePortUInt32
                0x000000000020c5e0                gp_VEOS_PortApi_WriteVarSizePortSInt16
                0x000000000020c5e8                gp_VEOS_PortApi_WriteVarSizePortUInt16
                0x000000000020c5f0                gp_VEOS_PortApi_WriteVarSizePortSInt8
                0x000000000020c5f8                gp_VEOS_PortApi_WriteVarSizePortUInt8
                0x000000000020c600                gp_VEOS_PortApi_WriteVectorPortFloat64
                0x000000000020c608                gp_VEOS_PortApi_WriteVectorPortFloat32
                0x000000000020c610                gp_VEOS_PortApi_WriteVectorPortBoolean
                0x000000000020c618                gp_VEOS_PortApi_WriteVectorPortSInt64
                0x000000000020c620                gp_VEOS_PortApi_WriteVectorPortUInt64
                0x000000000020c628                gp_VEOS_PortApi_WriteVectorPortSInt32
                0x000000000020c630                gp_VEOS_PortApi_WriteVectorPortUInt32
                0x000000000020c638                gp_VEOS_PortApi_WriteVectorPortSInt16
                0x000000000020c640                gp_VEOS_PortApi_WriteVectorPortUInt16
                0x000000000020c648                gp_VEOS_PortApi_WriteVectorPortSInt8
                0x000000000020c650                gp_VEOS_PortApi_WriteVectorPortUInt8
                0x000000000020c658                gp_VEOS_PortApi_WriteScalarPortFloat64
                0x000000000020c660                gp_VEOS_PortApi_WriteScalarPortFloat32
                0x000000000020c668                gp_VEOS_PortApi_WriteScalarPortBoolean
                0x000000000020c670                gp_VEOS_PortApi_WriteScalarPortSInt64
                0x000000000020c678                gp_VEOS_PortApi_WriteScalarPortUInt64
                0x000000000020c680                gp_VEOS_PortApi_WriteScalarPortSInt32
                0x000000000020c688                gp_VEOS_PortApi_WriteScalarPortUInt32
                0x000000000020c690                gp_VEOS_PortApi_WriteScalarPortSInt16
                0x000000000020c698                gp_VEOS_PortApi_WriteScalarPortUInt16
                0x000000000020c6a0                gp_VEOS_PortApi_WriteScalarPortSInt8
                0x000000000020c6a8                gp_VEOS_PortApi_WriteScalarPortUInt8
                0x000000000020c6b0                gp_VEOS_PortApi_GetInPortBuffer
                0x000000000020c6b8                gp_VEOS_PortApi_ReadVarSizePortBinary
                0x000000000020c6c0                gp_VEOS_PortApi_ReadVarSizePortFloat64
                0x000000000020c6c8                gp_VEOS_PortApi_ReadVarSizePortFloat32
                0x000000000020c6d0                gp_VEOS_PortApi_ReadVarSizePortBoolean
                0x000000000020c6d8                gp_VEOS_PortApi_ReadVarSizePortSInt64
                0x000000000020c6e0                gp_VEOS_PortApi_ReadVarSizePortUInt64
                0x000000000020c6e8                gp_VEOS_PortApi_ReadVarSizePortSInt32
                0x000000000020c6f0                gp_VEOS_PortApi_ReadVarSizePortUInt32
                0x000000000020c6f8                gp_VEOS_PortApi_ReadVarSizePortSInt16
                0x000000000020c700                gp_VEOS_PortApi_ReadVarSizePortUInt16
                0x000000000020c708                gp_VEOS_PortApi_ReadVarSizePortSInt8
                0x000000000020c710                gp_VEOS_PortApi_ReadVarSizePortUInt8
                0x000000000020c718                gp_VEOS_PortApi_ReadVectorPortFloat64
                0x000000000020c720                gp_VEOS_PortApi_ReadVectorPortFloat32
                0x000000000020c728                gp_VEOS_PortApi_ReadVectorPortBoolean
                0x000000000020c730                gp_VEOS_PortApi_ReadVectorPortSInt64
                0x000000000020c738                gp_VEOS_PortApi_ReadVectorPortUInt64
                0x000000000020c740                gp_VEOS_PortApi_ReadVectorPortSInt32
                0x000000000020c748                gp_VEOS_PortApi_ReadVectorPortUInt32
                0x000000000020c750                gp_VEOS_PortApi_ReadVectorPortSInt16
                0x000000000020c758                gp_VEOS_PortApi_ReadVectorPortUInt16
                0x000000000020c760                gp_VEOS_PortApi_ReadVectorPortSInt8
                0x000000000020c768                gp_VEOS_PortApi_ReadVectorPortUInt8
                0x000000000020c770                gp_VEOS_PortApi_ReadScalarPortFloat64
                0x000000000020c778                gp_VEOS_PortApi_ReadScalarPortFloat32
                0x000000000020c780                gp_VEOS_PortApi_ReadScalarPortBoolean
                0x000000000020c788                gp_VEOS_PortApi_ReadScalarPortSInt64
                0x000000000020c790                gp_VEOS_PortApi_ReadScalarPortUInt64
                0x000000000020c798                gp_VEOS_PortApi_ReadScalarPortSInt32
                0x000000000020c7a0                gp_VEOS_PortApi_ReadScalarPortUInt32
                0x000000000020c7a8                gp_VEOS_PortApi_ReadScalarPortSInt16
                0x000000000020c7b0                gp_VEOS_PortApi_ReadScalarPortUInt16
                0x000000000020c7b8                gp_VEOS_PortApi_ReadScalarPortSInt8
                0x000000000020c7c0                gp_VEOS_PortApi_ReadScalarPortUInt8
                0x000000000020c7c8                gp_VEOS_MsgApi_LogMessageVarArgs
                0x000000000020c7d0                gp_VEOS_MsgApi_ShowMessageVarArgs
                0x000000000020c7d8                gp_VEOS_MsgApi_ShowMessage
                0x000000000020c7e0                gp_VEOS_NotiApi_CancelNotification
                0x000000000020c7e8                gp_VEOS_NotiApi_StartNotification
                0x000000000020c7f0                gp_VEOS_NotiApi_CreateNotification
                0x000000000020c7f8                gp_VEOS_SimApi_TerminateSimulationFatal
                0x000000000020c800                gp_VEOS_SimApi_TerminateSimulation
                0x000000000020c808                gp_VEOS_PauseSimulation
                0x000000000020c810                gp_VEOS_XcpRegisterDaqAddressExtension
                0x000000000020c818                gp_VEOS_ExpApi_XcpService
                0x000000000020c820                gp_VEOS_BusApi_LinMsgReadRxData
                0x000000000020c828                gp_VEOS_BusApi_LinMsgTransmitData
                0x000000000020c830                gp_VEOS_BusApi_LinRegisterHeaderReceiveEvent
                0x000000000020c838                gp_VEOS_BusApi_LinMsgSetMaxDlc
                0x000000000020c840                gp_VEOS_BusApi_LinMsgTransmitHeader
                0x000000000020c848                gp_VEOS_BusApi_CanChSetDataPhaseBaudRate
                0x000000000020c850                gp_VEOS_BusApi_CanChGetDataPhaseBaudRate
                0x000000000020c858                gp_VEOS_BusApi_CanMsgSetBaudRateFilter
                0x000000000020c860                gp_VEOS_BusApi_CanMsgReadRxData
                0x000000000020c868                gp_VEOS_BusApi_CanMsgTransmitData
                0x000000000020c870                gp_VEOS_BusApi_MsgSetFilter
                0x000000000020c878                gp_VEOS_BusApi_MsgGetQueueLength
                0x000000000020c880                gp_VEOS_BusApi_MsgGetMonitorHandle
                0x000000000020c888                gp_VEOS_BusApi_MsgGetMailboxHandle
                0x000000000020c890                gp_VEOS_BusApi_MsgClearQueue
                0x000000000020c898                gp_VEOS_BusApi_MsgApplyChanges
                0x000000000020c8a0                gp_VEOS_BusApi_MsgReadRxData
                0x000000000020c8a8                gp_VEOS_BusApi_MsgTransmitData
                0x000000000020c8b0                gp_VEOS_BusApi_MsgRegisterReceiveEvent
                0x000000000020c8b8                gp_VEOS_BusApi_MsgSetQueueSize
                0x000000000020c8c0                gp_VEOS_BusApi_MsgGetStatus
                0x000000000020c8c8                gp_VEOS_BusApi_MsgDeactivate
                0x000000000020c8d0                gp_VEOS_BusApi_MsgActivate
                0x000000000020c8d8                gp_VEOS_BusApi_ChSleep
                0x000000000020c8e0                gp_VEOS_BusApi_ChApplyChanges
                0x000000000020c8e8                gp_VEOS_BusApi_ChRegisterStatusEvent
                0x000000000020c8f0                gp_VEOS_BusApi_ChGetBaudrate
                0x000000000020c8f8                gp_VEOS_BusApi_ChSetBaudrate
                0x000000000020c900                gp_VEOS_BusApi_ChGetStatus
                0x000000000020c908                gp_VEOS_BusApi_ChDeactivate
                0x000000000020c910                gp_VEOS_BusApi_ChActivate
                0x000000000020c918                gp_VEOS_BusApi_ChGetHandle
                0x000000000020c920                g_VEOS_LastFuncCalled
                0x000000000020c928                g_VEOS_LastApiCalled
                0x000000000020c930                g_VEOS_LastError
 *fill*         0x000000000020c932        0xe 
 .bss           0x000000000020c940       0x18 C:/dev/PP2031~2/ApplCSH/SW/Models/MERGED~1/VEOS_O~2/VEOS_B~1/RACECO~1/GeneratedCode/LibraryFiles/ModelInit/NoEcuIoCore_HostPCLinux64_GCC_Release.a(NoEcuInit.obj)
 *fill*         0x000000000020c958        0x8 
 .bss           0x000000000020c960       0x18 C:/dev/PP2031~2/ApplCSH/SW/Models/MERGED~1/VEOS_O~2/VEOS_B~1/RACECO~1/GeneratedCode/LibraryFiles/ModelInit/NoCanIoCore_HostPCLinux64_GCC_Release.a(NoCanInit.obj)
 *fill*         0x000000000020c978        0x8 
 .bss           0x000000000020c980       0x18 C:/dev/PP2031~2/ApplCSH/SW/Models/MERGED~1/VEOS_O~2/VEOS_B~1/RACECO~1/GeneratedCode/LibraryFiles/ModelInit/NoLinIoCore_HostPCLinux64_GCC_Release.a(NoLinInit.obj)
 *fill*         0x000000000020c998        0x8 
 .bss           0x000000000020c9a0       0x18 C:/dev/PP2031~2/ApplCSH/SW/Models/MERGED~1/VEOS_O~2/VEOS_B~1/RACECO~1/GeneratedCode/LibraryFiles/ModelInit/NoEthIoCore_HostPCLinux64_GCC_Release.a(NoEthInit.obj)
 .bss           0x000000000020c9b8        0x0 c:/progra~1/ds27a4~1/build/compiler/gcc/5ace3~1.5_l/target/x86_64~1/bin/../lib/gcc/x86_64-linux-gnu/5.5.0/crtendS.o
 .bss           0x000000000020c9b8        0x0 c:/progra~1/ds27a4~1/build/compiler/gcc/5ace3~1.5_l/target/x86_64~1/bin/../lib/crtn.o
 *(COMMON)
                0x000000000020c9b8                . = ALIGN ((. != 0x0)?0x8:0x1)

.lbss
 *(.dynlbss)
 *(.lbss .lbss.* .gnu.linkonce.lb.*)
 *(LARGE_COMMON)
                0x000000000020c9b8                . = ALIGN (0x8)
                0x000000000020c9b8                . = SEGMENT_START ("ldata-segment", .)

.lrodata
 *(.lrodata .lrodata.* .gnu.linkonce.lr.*)

.ldata          0x000000000060c9b8        0x0
 *(.ldata .ldata.* .gnu.linkonce.l.*)
                0x000000000060c9b8                . = ALIGN ((. != 0x0)?0x8:0x1)
                0x000000000060c9b8                . = ALIGN (0x8)
                0x000000000060c9b8                _end = .
                [!provide]                        PROVIDE (end, .)
                0x000000000060c9b8                . = DATA_SEGMENT_END (.)

.stab
 *(.stab)

.stabstr
 *(.stabstr)

.stab.excl
 *(.stab.excl)

.stab.exclstr
 *(.stab.exclstr)

.stab.index
 *(.stab.index)

.stab.indexstr
 *(.stab.indexstr)

.comment        0x0000000000000000       0x11
 *(.comment)
 .comment       0x0000000000000000       0x11 c:/progra~1/ds27a4~1/build/compiler/gcc/5ace3~1.5_l/target/x86_64~1/bin/../lib/gcc/x86_64-linux-gnu/5.5.0/crtbeginS.o
                                         0x12 (size before relaxing)
 .comment       0x0000000000000011       0x12 .\BinaryArtifacts\RaceControl\HostPCLinux64_GCC\SmartServices_Cfg_generated.o
 .comment       0x0000000000000011       0x12 .\BinaryArtifacts\RaceControl\HostPCLinux64_GCC\SmartServices.o
 .comment       0x0000000000000011       0x12 .\BinaryArtifacts\RaceControl\HostPCLinux64_GCC\FmiAppFrm_generated.o
 .comment       0x0000000000000011       0x12 .\BinaryArtifacts\RaceControl\HostPCLinux64_GCC\Fmi3CsAppFrm.o
 .comment       0x0000000000000011       0x12 .\BinaryArtifacts\RaceControl\HostPCLinux64_GCC\FmiAppFrm_Linux.o
 .comment       0x0000000000000011       0x12 .\BinaryArtifacts\RaceControl\HostPCLinux64_GCC\VEOS_Api.o
 .comment       0x0000000000000011       0x12 .\BinaryArtifacts\RaceControl\HostPCLinux64_GCC\VEOS_BusApi.o
 .comment       0x0000000000000011       0x12 .\BinaryArtifacts\RaceControl\HostPCLinux64_GCC\VEOS_ExpApi.o
 .comment       0x0000000000000011       0x12 .\BinaryArtifacts\RaceControl\HostPCLinux64_GCC\VEOS_SimApi.o
 .comment       0x0000000000000011       0x12 .\BinaryArtifacts\RaceControl\HostPCLinux64_GCC\VEOS_NotiApi.o
 .comment       0x0000000000000011       0x12 .\BinaryArtifacts\RaceControl\HostPCLinux64_GCC\VEOS_MsgApi.o
 .comment       0x0000000000000011       0x12 .\BinaryArtifacts\RaceControl\HostPCLinux64_GCC\VEOS_PortApi.o
 .comment       0x0000000000000011       0x12 .\BinaryArtifacts\RaceControl\HostPCLinux64_GCC\VEOS_OsTskApi.o
 .comment       0x0000000000000011       0x12 .\BinaryArtifacts\RaceControl\HostPCLinux64_GCC\VEOS_Interaction.o
 .comment       0x0000000000000011       0x12 .\BinaryArtifacts\RaceControl\HostPCLinux64_GCC\VEOS.o
 .comment       0x0000000000000011       0x12 .\BinaryArtifacts\RaceControl\HostPCLinux64_GCC\VEOS_Impl.o
 .comment       0x0000000000000011       0x12 .\BinaryArtifacts\RaceControl\HostPCLinux64_GCC\DsMsgApi.o
 .comment       0x0000000000000011       0x12 .\BinaryArtifacts\RaceControl\HostPCLinux64_GCC\UriCommon.o
 .comment       0x0000000000000011       0x12 .\BinaryArtifacts\RaceControl\HostPCLinux64_GCC\UriEscape.o
 .comment       0x0000000000000011       0x12 .\BinaryArtifacts\RaceControl\HostPCLinux64_GCC\UriFile.o
 .comment       0x0000000000000011       0x12 C:/dev/PP2031~2/ApplCSH/SW/Models/MERGED~1/VEOS_O~2/VEOS_B~1/RACECO~1/GeneratedCode/LibraryFiles/ModelInit/ModelInit_HostPCLinux64_GCC_Release.a(ModelInit.obj)
 .comment       0x0000000000000011       0x12 C:/dev/PP2031~2/ApplCSH/SW/Models/MERGED~1/VEOS_O~2/VEOS_B~1/RACECO~1/GeneratedCode/LibraryFiles/ModelInit/ModelInit_HostPCLinux64_GCC_Release.a(VEOS_FrmRef.obj)
 .comment       0x0000000000000011       0x12 C:/dev/PP2031~2/ApplCSH/SW/Models/MERGED~1/VEOS_O~2/VEOS_B~1/RACECO~1/GeneratedCode/LibraryFiles/ModelInit/NoEcuIoCore_HostPCLinux64_GCC_Release.a(NoEcuInit.obj)
 .comment       0x0000000000000011       0x12 C:/dev/PP2031~2/ApplCSH/SW/Models/MERGED~1/VEOS_O~2/VEOS_B~1/RACECO~1/GeneratedCode/LibraryFiles/ModelInit/NoCanIoCore_HostPCLinux64_GCC_Release.a(NoCanInit.obj)
 .comment       0x0000000000000011       0x12 C:/dev/PP2031~2/ApplCSH/SW/Models/MERGED~1/VEOS_O~2/VEOS_B~1/RACECO~1/GeneratedCode/LibraryFiles/ModelInit/NoLinIoCore_HostPCLinux64_GCC_Release.a(NoLinInit.obj)
 .comment       0x0000000000000011       0x12 C:/dev/PP2031~2/ApplCSH/SW/Models/MERGED~1/VEOS_O~2/VEOS_B~1/RACECO~1/GeneratedCode/LibraryFiles/ModelInit/NoEthIoCore_HostPCLinux64_GCC_Release.a(NoEthInit.obj)
 .comment       0x0000000000000011       0x12 c:/progra~1/ds27a4~1/build/compiler/gcc/5ace3~1.5_l/target/x86_64~1/bin/../lib/gcc/x86_64-linux-gnu/5.5.0/crtendS.o

.debug
 *(.debug)

.line
 *(.line)

.debug_srcinfo
 *(.debug_srcinfo)

.debug_sfnames
 *(.debug_sfnames)

.debug_aranges  0x0000000000000000       0x80
 *(.debug_aranges)
 .debug_aranges
                0x0000000000000000       0x40 c:/progra~1/ds27a4~1/build/compiler/gcc/5ace3~1.5_l/target/x86_64~1/bin/../lib/crti.o
 .debug_aranges
                0x0000000000000040       0x40 c:/progra~1/ds27a4~1/build/compiler/gcc/5ace3~1.5_l/target/x86_64~1/bin/../lib/crtn.o

.debug_pubnames
 *(.debug_pubnames)

.debug_info     0x0000000000000000       0xd2
 *(.debug_info .gnu.linkonce.wi.*)
 .debug_info    0x0000000000000000       0x69 c:/progra~1/ds27a4~1/build/compiler/gcc/5ace3~1.5_l/target/x86_64~1/bin/../lib/crti.o
 .debug_info    0x0000000000000069       0x69 c:/progra~1/ds27a4~1/build/compiler/gcc/5ace3~1.5_l/target/x86_64~1/bin/../lib/crtn.o

.debug_abbrev   0x0000000000000000       0x24
 *(.debug_abbrev)
 .debug_abbrev  0x0000000000000000       0x12 c:/progra~1/ds27a4~1/build/compiler/gcc/5ace3~1.5_l/target/x86_64~1/bin/../lib/crti.o
 .debug_abbrev  0x0000000000000012       0x12 c:/progra~1/ds27a4~1/build/compiler/gcc/5ace3~1.5_l/target/x86_64~1/bin/../lib/crtn.o

.debug_line     0x0000000000000000       0xc5
 *(.debug_line .debug_line.* .debug_line_end)
 .debug_line    0x0000000000000000       0x64 c:/progra~1/ds27a4~1/build/compiler/gcc/5ace3~1.5_l/target/x86_64~1/bin/../lib/crti.o
 .debug_line    0x0000000000000064       0x61 c:/progra~1/ds27a4~1/build/compiler/gcc/5ace3~1.5_l/target/x86_64~1/bin/../lib/crtn.o

.debug_frame
 *(.debug_frame)

.debug_str
 *(.debug_str)

.debug_loc
 *(.debug_loc)

.debug_macinfo
 *(.debug_macinfo)

.debug_weaknames
 *(.debug_weaknames)

.debug_funcnames
 *(.debug_funcnames)

.debug_typenames
 *(.debug_typenames)

.debug_varnames
 *(.debug_varnames)

.debug_pubtypes
 *(.debug_pubtypes)

.debug_ranges   0x0000000000000000       0x80
 *(.debug_ranges)
 .debug_ranges  0x0000000000000000       0x40 c:/progra~1/ds27a4~1/build/compiler/gcc/5ace3~1.5_l/target/x86_64~1/bin/../lib/crti.o
 .debug_ranges  0x0000000000000040       0x40 c:/progra~1/ds27a4~1/build/compiler/gcc/5ace3~1.5_l/target/x86_64~1/bin/../lib/crtn.o

.debug_macro
 *(.debug_macro)

.gnu.attributes
 *(.gnu.attributes)

/DISCARD/
 *(.note.GNU-stack)
 *(.gnu_debuglink)
 *(.gnu.lto_*)
OUTPUT(.\BinaryArtifacts\RaceControl\HostPCLinux64_GCC\RaceControl.so elf64-x86-64)

